variable_1: "foobar"
variable_2: ["foo", "batz", "bar"]
